// Jest Snapshot v1, https://goo.gl/fbAQLP

exports[`App Component - Mobile Experience Mobile Layout and Responsiveness snapshot matches mobile layout 1`] = `
<div>
  <div
    lang="en"
  >
    <a
      href="#main-content"
      style="position: absolute; left: -10000px; width: 1px; height: 1px; overflow: hidden; z-index: 9999;"
    >
      Skip to main content
    </a>
    <header
      aria-label="Main navigation"
      class="MuiPaper-root MuiPaper-elevation MuiPaper-elevation4 MuiAppBar-root MuiAppBar-colorPrimary MuiAppBar-positionFixed mui-fixed css-hngf2t-MuiPaper-root-MuiAppBar-root"
      role="banner"
    >
      <div
        class="MuiToolbar-root MuiToolbar-gutters MuiToolbar-regular css-hyum1k-MuiToolbar-root"
      >
        <button
          aria-controls="navigation-drawer"
          aria-expanded="false"
          aria-haspopup="true"
          aria-label="Open navigation menu"
          class="MuiButtonBase-root MuiIconButton-root MuiIconButton-colorInherit MuiIconButton-edgeStart MuiIconButton-sizeMedium css-1j65een-MuiButtonBase-root-MuiIconButton-root"
          tabindex="0"
          type="button"
        >
          <svg
            aria-hidden="true"
            class="MuiSvgIcon-root MuiSvgIcon-fontSizeMedium css-i4bv87-MuiSvgIcon-root"
            data-testid="MenuIcon"
            focusable="false"
            viewBox="0 0 24 24"
          >
            <path
              d="M3 18h18v-2H3zm0-5h18v-2H3zm0-7v2h18V6z"
            />
          </svg>
          <span
            class="MuiTouchRipple-root css-8je8zh-MuiTouchRipple-root"
          />
        </button>
        <div
          class="MuiBox-root css-1kfaiov"
        >
          <h1
            class="MuiTypography-root MuiTypography-h6 MuiTypography-noWrap css-a0ngzw-MuiTypography-root"
          >
            <a
              href="/"
              style="text-decoration: none; display: flex; align-items: center; justify-content: inherit; outline: none;"
            >
              Montessori Skye View
            </a>
          </h1>
          <div
            class="MuiBox-root css-13tqxrv"
          >
            <div
              class="MuiBox-root css-1g20b0n"
            >
              <a
                class="MuiTypography-root MuiTypography-inherit MuiLink-root MuiLink-underlineAlways css-an4t0m-MuiTypography-root-MuiLink-root"
                href="https://forms.gle/oLbEBeBKnYjJDNBt6"
                rel="noopener noreferrer"
                target="_blank"
              >
                <div
                  style="display: flex; align-items: center; gap: var(--spacing-sm);"
                >
                  <svg
                    aria-hidden="true"
                    class="MuiSvgIcon-root MuiSvgIcon-fontSizeMedium css-i4bv87-MuiSvgIcon-root"
                    data-testid="SchoolIcon"
                    focusable="false"
                    viewBox="0 0 24 24"
                  >
                    <path
                      d="M5 13.18v4L12 21l7-3.82v-4L12 17zM12 3 1 9l11 6 9-4.91V17h2V9z"
                    />
                  </svg>
                  <p
                    class="MuiTypography-root MuiTypography-body1 css-s2v3d5-MuiTypography-root"
                  >
                    2025 Fall registration
                  </p>
                </div>
              </a>
              <a
                class="MuiTypography-root MuiTypography-inherit MuiLink-root MuiLink-underlineAlways css-an4t0m-MuiTypography-root-MuiLink-root"
                href="https://docs.google.com/forms/d/e/1FAIpQLScRhvdYehIa5daTIsg1npb9pvcU-Vui9GG-wWkUIp9V4PJFzA/viewform"
                rel="noopener noreferrer"
                target="_blank"
              >
                <div
                  style="display: flex; align-items: center; gap: var(--spacing-sm);"
                >
                  <svg
                    aria-hidden="true"
                    class="MuiSvgIcon-root MuiSvgIcon-fontSizeMedium css-i4bv87-MuiSvgIcon-root"
                    data-testid="SchoolIcon"
                    focusable="false"
                    viewBox="0 0 24 24"
                  >
                    <path
                      d="M5 13.18v4L12 21l7-3.82v-4L12 17zM12 3 1 9l11 6 9-4.91V17h2V9z"
                    />
                  </svg>
                  <p
                    class="MuiTypography-root MuiTypography-body1 css-s2v3d5-MuiTypography-root"
                  >
                    2025 Summer camp
                  </p>
                </div>
              </a>
            </div>
          </div>
        </div>
      </div>
    </header>
    <main
      id="main-content"
      role="main"
    >
      <div
        class="MuiBox-root css-wxmjxp"
      >
        <div
          class="MuiBox-root css-1mwyucw"
          style="background-repeat: no-repeat; background-size: cover; background-position: center center; background-attachment: fixed; transition: opacity 0.3s ease; opacity: 0;"
        >
          <div
            class="MuiBox-root css-wsi8sc"
          />
        </div>
        <div
          class="MuiContainer-root MuiContainer-maxWidthLg css-vjzqie-MuiContainer-root"
        >
          <div
            class="MuiBox-root css-tl7x22"
          >
            <div
              class="MuiStack-root css-1fktiy7-MuiStack-root"
            >
              <a
                class="MuiButtonBase-root MuiButton-root MuiButton-text MuiButton-textPrimary MuiButton-sizeMedium MuiButton-textSizeMedium MuiButton-colorPrimary MuiButton-root MuiButton-text MuiButton-textPrimary MuiButton-sizeMedium MuiButton-textSizeMedium MuiButton-colorPrimary css-ttzscw-MuiButtonBase-root-MuiButton-root"
                href="/"
                tabindex="0"
              >
                <div
                  class="MuiChip-root MuiChip-filled MuiChip-sizeMedium MuiChip-colorDefault MuiChip-filledDefault css-1m6blam-MuiChip-root"
                >
                  <span
                    class="MuiChip-label MuiChip-labelMedium css-1dybbl5-MuiChip-label"
                  >
                    Home
                  </span>
                </div>
                <span
                  class="MuiTouchRipple-root css-8je8zh-MuiTouchRipple-root"
                />
              </a>
              <a
                class="MuiButtonBase-root MuiButton-root MuiButton-text MuiButton-textPrimary MuiButton-sizeMedium MuiButton-textSizeMedium MuiButton-colorPrimary MuiButton-root MuiButton-text MuiButton-textPrimary MuiButton-sizeMedium MuiButton-textSizeMedium MuiButton-colorPrimary css-ttzscw-MuiButtonBase-root-MuiButton-root"
                href="/tuition"
                tabindex="0"
              >
                <div
                  class="MuiChip-root MuiChip-filled MuiChip-sizeMedium MuiChip-colorDefault MuiChip-filledDefault css-1m6blam-MuiChip-root"
                >
                  <span
                    class="MuiChip-label MuiChip-labelMedium css-1dybbl5-MuiChip-label"
                  >
                    Tuition
                  </span>
                </div>
                <span
                  class="MuiTouchRipple-root css-8je8zh-MuiTouchRipple-root"
                />
              </a>
              <a
                class="MuiButtonBase-root MuiButton-root MuiButton-text MuiButton-textPrimary MuiButton-sizeMedium MuiButton-textSizeMedium MuiButton-colorPrimary MuiButton-root MuiButton-text MuiButton-textPrimary MuiButton-sizeMedium MuiButton-textSizeMedium MuiButton-colorPrimary css-ttzscw-MuiButtonBase-root-MuiButton-root"
                href="/schedule"
                tabindex="0"
              >
                <div
                  class="MuiChip-root MuiChip-filled MuiChip-sizeMedium MuiChip-colorDefault MuiChip-filledDefault css-1m6blam-MuiChip-root"
                >
                  <span
                    class="MuiChip-label MuiChip-labelMedium css-1dybbl5-MuiChip-label"
                  >
                    Schedule
                  </span>
                </div>
                <span
                  class="MuiTouchRipple-root css-8je8zh-MuiTouchRipple-root"
                />
              </a>
              <a
                class="MuiButtonBase-root MuiButton-root MuiButton-text MuiButton-textPrimary MuiButton-sizeMedium MuiButton-textSizeMedium MuiButton-colorPrimary MuiButton-root MuiButton-text MuiButton-textPrimary MuiButton-sizeMedium MuiButton-textSizeMedium MuiButton-colorPrimary css-ttzscw-MuiButtonBase-root-MuiButton-root"
                href="/registration"
                tabindex="0"
              >
                <div
                  class="MuiChip-root MuiChip-filled MuiChip-sizeMedium MuiChip-colorDefault MuiChip-filledDefault css-1m6blam-MuiChip-root"
                >
                  <span
                    class="MuiChip-label MuiChip-labelMedium css-1dybbl5-MuiChip-label"
                  >
                    Registration
                  </span>
                </div>
                <span
                  class="MuiTouchRipple-root css-8je8zh-MuiTouchRipple-root"
                />
              </a>
              <a
                class="MuiButtonBase-root MuiButton-root MuiButton-text MuiButton-textPrimary MuiButton-sizeMedium MuiButton-textSizeMedium MuiButton-colorPrimary MuiButton-root MuiButton-text MuiButton-textPrimary MuiButton-sizeMedium MuiButton-textSizeMedium MuiButton-colorPrimary css-ttzscw-MuiButtonBase-root-MuiButton-root"
                href="/location"
                tabindex="0"
              >
                <div
                  class="MuiChip-root MuiChip-filled MuiChip-sizeMedium MuiChip-colorDefault MuiChip-filledDefault css-18d4nbo-MuiChip-root"
                >
                  <span
                    class="MuiChip-label MuiChip-labelMedium css-1dybbl5-MuiChip-label"
                  >
                    Location
                  </span>
                </div>
                <span
                  class="MuiTouchRipple-root css-8je8zh-MuiTouchRipple-root"
                />
              </a>
            </div>
            <div
              class="MuiBox-root css-cpp62s"
            >
              <button
                aria-controls="more-options-quick-nav"
                aria-expanded="false"
                aria-label="More options"
                class="MuiButtonBase-root MuiButton-root MuiButton-text MuiButton-textPrimary MuiButton-sizeMedium MuiButton-textSizeMedium MuiButton-colorPrimary MuiButton-root MuiButton-text MuiButton-textPrimary MuiButton-sizeMedium MuiButton-textSizeMedium MuiButton-colorPrimary css-ttzscw-MuiButtonBase-root-MuiButton-root"
                tabindex="0"
                type="button"
              >
                <div
                  class="MuiChip-root MuiChip-filled MuiChip-sizeMedium MuiChip-colorDefault MuiChip-filledDefault css-18d4nbo-MuiChip-root"
                >
                  <svg
                    aria-hidden="true"
                    class="MuiSvgIcon-root MuiSvgIcon-fontSizeMedium MuiChip-icon MuiChip-iconMedium MuiChip-iconColorDefault css-1jifppt-MuiSvgIcon-root"
                    data-testid="ExpandMoreIcon"
                    focusable="false"
                    viewBox="0 0 24 24"
                  >
                    <path
                      d="M16.59 8.59 12 13.17 7.41 8.59 6 10l6 6 6-6z"
                    />
                  </svg>
                  <span
                    class="MuiChip-label MuiChip-labelMedium css-1dybbl5-MuiChip-label"
                  >
                    More Options
                  </span>
                </div>
                <span
                  class="MuiTouchRipple-root css-8je8zh-MuiTouchRipple-root"
                />
              </button>
            </div>
          </div>
          <div
            style="display: flex; flex-direction: column; gap: var(--spacing-3xl); width: 100%;"
          >
            <div
              class="MuiBox-root css-1pevsff"
              spacing="lg"
              variant="hero"
            >
              <h1
                class="MuiTypography-root MuiTypography-h1 css-1wdblo5-MuiTypography-root"
              >
                Montessori Skye View Learning Center
              </h1>
              <h2
                class="MuiTypography-root MuiTypography-h2 css-t22on4-MuiTypography-root"
              >
                Child-Centered Education Las Vegas
              </h2>
              <p
                class="MuiTypography-root MuiTypography-body1 css-8wnz1m-MuiTypography-root"
              >
                A Private Chez Nous Learning Center serving Pre-K through 5th grade with Montessori education and outdoor learning focus in Las Vegas, Nevada.
              </p>
            </div>
            <div
              class="MuiBox-root css-12recp6"
              spacing="lg"
              style="text-align: center; box-shadow: var(--shadow-lg); overflow: hidden;"
              variant="card"
            >
              <h2
                class="MuiTypography-root MuiTypography-h2 css-18rb5gt-MuiTypography-root"
              >
                🌿 Outdoor Learning in Action
              </h2>
              <div
                class="MuiBox-root css-1psfugq"
              >
                <img
                  alt="Children learning outdoors at Montessori Skye View Learning Center with teacher on sunny day - beautiful outdoor learning environment in Las Vegas"
                  loading="eager"
                  src="test-file-stub"
                  style="width: 100%; height: auto; max-height: 500px; object-fit: cover; display: block;"
                />
              </div>
              <p
                class="MuiTypography-root MuiTypography-body1 css-nnjhko-MuiTypography-root"
              >
                "Nature is the best playground. It is the source of all learning, the foundation of all growth." - Dr. Maria Montessori
              </p>
              <p
                class="MuiTypography-root MuiTypography-body1 css-1u4yuiq-MuiTypography-root"
              >
                The Montessori Skye View Learning Center offers the lowest student-to-teacher ratio and the best outdoor landscape in the Las Vegas valley, providing an exceptional learning environment in our beautiful suburban campus!
              </p>
              <p
                class="MuiTypography-root MuiTypography-body1 css-1u4yuiq-MuiTypography-root"
              >
                Our students thrive in our beautiful outdoor learning environment, where nature becomes the classroom and every day brings new discoveries.
              </p>
            </div>
            <div
              class="MuiBox-root css-12recp6"
              spacing="lg"
              style="text-align: center; box-shadow: var(--shadow-lg);"
              variant="card"
            >
              <h2
                class="MuiTypography-root MuiTypography-h2 css-18rb5gt-MuiTypography-root"
              >
                🌟 Where Learning Comes Alive! 🌟
              </h2>
              <p
                class="MuiTypography-root MuiTypography-body1 css-1mndvmc-MuiTypography-root"
              >
                Nurturing curious minds and joyful hearts in grades Pre-K through 5th
              </p>
            </div>
            <div
              class="MuiBox-root css-1cufukc"
              spacing="lg"
              variant="default"
            >
              <h2
                class="MuiTypography-root MuiTypography-h2 css-a8cnyw-MuiTypography-root"
              >
                About Our Montessori Learning Center
              </h2>
              <p
                class="MuiTypography-root MuiTypography-body1 css-rhrrh7-MuiTypography-root"
              >
                Montessori Skye View is a new Montessori learning center dedicated to fostering a love of learning for grades pre-k through 5th. We believe in the power of the Montessori Method, an educational approach developed by Dr. Maria Montessori, which emphasizes self-directed exploration, hands-on activities, and a nurturing environment. As a learning center, we provide homeschool supplementation and enrichment programs rather than traditional schooling. Located in the northwest corner of Las Vegas, our beautiful Skye Canyon campus provides ample outdoor space for play and learning.
              </p>
            </div>
            <div
              class="MuiBox-root css-12recp6"
              spacing="lg"
              style="text-align: center; box-shadow: var(--shadow-lg);"
              variant="card"
            >
              <h3
                class="MuiTypography-root MuiTypography-h3 css-zwp07z-MuiTypography-root"
              >
                🌱 Our Montessori Approach
              </h3>
              <p
                class="MuiTypography-root MuiTypography-body1 css-160h652-MuiTypography-root"
              >
                We create an environment where children feel safe, valued, and inspired to explore their natural curiosity. Our experienced teachers guide each child's unique learning journey, helping them develop confidence, independence, and a lifelong love of learning.
              </p>
            </div>
            <div
              class="MuiBox-root css-12recp6"
              spacing="lg"
              style="text-align: center; box-shadow: var(--shadow-lg);"
              variant="card"
            >
              <h3
                class="MuiTypography-root MuiTypography-h3 css-zwp07z-MuiTypography-root"
              >
                🎨 What Makes Our Montessori Learning Center Special
              </h3>
              <div
                role="list"
                style="display: grid; gap: var(--spacing-md); text-align: left;"
              >
                <div
                  role="listitem"
                  style="display: flex; align-items: center; gap: var(--spacing-sm);"
                >
                  <span
                    aria-hidden="true"
                    style="font-size: 1.5rem;"
                  >
                     
                    🎯
                  </span>
                  <p
                    class="MuiTypography-root MuiTypography-body1 css-1flfr0h-MuiTypography-root"
                  >
                    Individualized learning plans for every child
                  </p>
                </div>
                <div
                  role="listitem"
                  style="display: flex; align-items: center; gap: var(--spacing-sm);"
                >
                  <span
                    aria-hidden="true"
                    style="font-size: 1.5rem;"
                  >
                     
                    🤝
                  </span>
                  <p
                    class="MuiTypography-root MuiTypography-body1 css-1flfr0h-MuiTypography-root"
                  >
                    Mixed-age classrooms that foster community
                  </p>
                </div>
                <div
                  role="listitem"
                  style="display: flex; align-items: center; gap: var(--spacing-sm);"
                >
                  <span
                    aria-hidden="true"
                    style="font-size: 1.5rem;"
                  >
                     
                    🌿
                  </span>
                  <p
                    class="MuiTypography-root MuiTypography-body1 css-1flfr0h-MuiTypography-root"
                  >
                    Beautiful outdoor learning spaces
                  </p>
                </div>
                <div
                  role="listitem"
                  style="display: flex; align-items: center; gap: var(--spacing-sm);"
                >
                  <span
                    aria-hidden="true"
                    style="font-size: 1.5rem;"
                  >
                     
                    💝
                  </span>
                  <p
                    class="MuiTypography-root MuiTypography-body1 css-1flfr0h-MuiTypography-root"
                  >
                    Nurturing environment that celebrates each child
                  </p>
                </div>
              </div>
            </div>
            <div
              class="MuiBox-root css-1cufukc"
              spacing="lg"
              variant="default"
            >
              <h2
                class="MuiTypography-root MuiTypography-h2 css-a8cnyw-MuiTypography-root"
              >
                Ready to Begin Your Child's Montessori Journey?
              </h2>
              <p
                class="MuiTypography-root MuiTypography-body1 css-rhrrh7-MuiTypography-root"
              >
                We invite you to explore our website and discover how Montessori Skye View can provide your child with an exceptional educational foundation. Contact us today to schedule a visit and see our beautiful campus in person!
              </p>
            </div>
          </div>
        </div>
        <div
          class="MuiBox-root css-1jh62j7"
        >
          <div
            aria-expanded="false"
            aria-label="Expand enrollment options"
            class="MuiBox-root css-tpqms"
            role="button"
            tabindex="0"
          >
            <div
              class="MuiBox-root css-axw7ok"
            >
              <span
                style="font-weight: 600;"
              >
                📚 Ready to Enroll?
                 
              </span>
            </div>
            <button
              aria-hidden="true"
              class="MuiButtonBase-root MuiIconButton-root MuiIconButton-sizeSmall css-smsurf-MuiButtonBase-root-MuiIconButton-root"
              tabindex="0"
              type="button"
            >
              <svg
                aria-hidden="true"
                class="MuiSvgIcon-root MuiSvgIcon-fontSizeMedium css-i4bv87-MuiSvgIcon-root"
                data-testid="ExpandMoreIcon"
                focusable="false"
                viewBox="0 0 24 24"
              >
                <path
                  d="M16.59 8.59 12 13.17 7.41 8.59 6 10l6 6 6-6z"
                />
              </svg>
              <span
                class="MuiTouchRipple-root css-8je8zh-MuiTouchRipple-root"
              />
            </button>
          </div>
        </div>
        <div
          class="MuiBox-root css-1kqulnu"
        >
          <div
            class="MuiBox-root css-1dm44cd"
          >
            <div
              class="MuiBox-root css-1cufukc"
              spacing="lg"
              style="background-color: rgb(31, 41, 55); color: rgb(255, 255, 255); border-radius: var(--radius-lg); box-shadow: var(--shadow-lg); text-align: center; width: 100%; max-width: 600px; align-self: center; justify-self: center; align-items: center; justify-content: center; margin: 0px auto; position: relative; z-index: 0;"
              variant="default"
            >
              <div
                class="MuiBox-root css-n88plx"
              >
                <a
                  class="MuiTypography-root MuiTypography-inherit MuiLink-root MuiLink-underlineAlways css-1dd9tcc-MuiTypography-root-MuiLink-root"
                  href="https://forms.gle/oLbEBeBKnYjJDNBt6"
                  rel="noopener noreferrer"
                  target="_blank"
                >
                  <div
                    style="display: flex; align-items: center; gap: var(--spacing-sm);"
                  >
                    <svg
                      aria-hidden="true"
                      class="MuiSvgIcon-root MuiSvgIcon-fontSizeMedium css-i4bv87-MuiSvgIcon-root"
                      data-testid="SchoolIcon"
                      focusable="false"
                      viewBox="0 0 24 24"
                    >
                      <path
                        d="M5 13.18v4L12 21l7-3.82v-4L12 17zM12 3 1 9l11 6 9-4.91V17h2V9z"
                      />
                    </svg>
                    <p
                      class="MuiTypography-root MuiTypography-body1 css-s2v3d5-MuiTypography-root"
                    >
                      2025 Fall registration
                    </p>
                  </div>
                </a>
                <a
                  class="MuiTypography-root MuiTypography-inherit MuiLink-root MuiLink-underlineAlways css-1dd9tcc-MuiTypography-root-MuiLink-root"
                  href="https://docs.google.com/forms/d/e/1FAIpQLScRhvdYehIa5daTIsg1npb9pvcU-Vui9GG-wWkUIp9V4PJFzA/viewform"
                  rel="noopener noreferrer"
                  target="_blank"
                >
                  <div
                    style="display: flex; align-items: center; gap: var(--spacing-sm);"
                  >
                    <svg
                      aria-hidden="true"
                      class="MuiSvgIcon-root MuiSvgIcon-fontSizeMedium css-i4bv87-MuiSvgIcon-root"
                      data-testid="SchoolIcon"
                      focusable="false"
                      viewBox="0 0 24 24"
                    >
                      <path
                        d="M5 13.18v4L12 21l7-3.82v-4L12 17zM12 3 1 9l11 6 9-4.91V17h2V9z"
                      />
                    </svg>
                    <p
                      class="MuiTypography-root MuiTypography-body1 css-s2v3d5-MuiTypography-root"
                    >
                      2025 Summer camp
                    </p>
                  </div>
                </a>
              </div>
              <h4
                class="MuiTypography-root MuiTypography-h4 css-z5nl2j-MuiTypography-root"
              >
                Contact Information
              </h4>
              <p
                class="MuiTypography-root MuiTypography-body1 css-1trh5xa-MuiTypography-root"
              >
                Call, text, or email us:
              </p>
              <p
                class="MuiTypography-root MuiTypography-body1 css-1ysnhqj-MuiTypography-root"
              >
                <a
                  aria-label="Call us at (702)721-9488"
                  href="tel:7027219488"
                  style="color: rgb(255, 255, 255); text-decoration: none; font-weight: 600; transition: all 0.3s ease; border-radius: var(--radius-sm); display: inline-block; min-height: 48px; min-width: 200px; line-height: 1.2; box-shadow: var(--shadow-md);"
                >
                  📞 (702) 721-9488
                </a>
              </p>
              <p
                class="MuiTypography-root MuiTypography-body1 css-ildajy-MuiTypography-root"
              >
                <a
                  aria-label="Email us at nwlvmontessori@gmail.com"
                  href="mailto:nwlvmontessori@gmail.com?subject=Inquiry%20from%20Montessori%20Skye%20View%20Website&body=Hello%2C%0A%0AI'm%20interested%20in%20learning%20more%20about%20Montessori%20Skye%20View%20Learning%20Center.%0A%0APlease%20provide%20me%20with%20information%20about%3A%0A-%20Tour%20availability%0A-%20Enrollment%20availability%0A-%20Program%20details%0A-%20Tuition%20information%0A-%20Any%20other%20relevant%20information%0A%0AThank%20you!"
                  style="color: rgb(255, 255, 255); text-decoration: none; font-weight: 600; transition: all 0.3s ease; border-radius: var(--radius-sm); display: inline-block; min-height: 48px; min-width: 200px; line-height: 1.2; box-shadow: var(--shadow-md);"
                >
                  ✉️ 
                  nwlvmontessori@gmail.com
                </a>
              </p>
            </div>
          </div>
        </div>
      </div>
    </main>
    <div
      class="MuiBox-root css-i9tlv9"
    >
      <div
        class="MuiPaper-root MuiPaper-elevation MuiPaper-rounded MuiPaper-elevation8 css-1x39m7c-MuiPaper-root"
      >
        <div
          class="MuiBox-root css-axw7ok"
        >
          <div
            class="MuiBox-root css-1ttyx26"
          >
            <p
              class="MuiTypography-root MuiTypography-body2 css-1jatta2-MuiTypography-root"
            >
              🍪 We use cookies to improve your experience
            </p>
            <button
              aria-label="Learn more about cookies"
              class="MuiButtonBase-root MuiIconButton-root MuiIconButton-sizeSmall css-19e77u5-MuiButtonBase-root-MuiIconButton-root"
              tabindex="0"
              type="button"
            >
              <svg
                aria-hidden="true"
                class="MuiSvgIcon-root MuiSvgIcon-fontSizeSmall css-ptiqhd-MuiSvgIcon-root"
                data-testid="InfoIcon"
                focusable="false"
                viewBox="0 0 24 24"
              >
                <path
                  d="M12 2C6.48 2 2 6.48 2 12s4.48 10 10 10 10-4.48 10-10S17.52 2 12 2m1 15h-2v-6h2zm0-8h-2V7h2z"
                />
              </svg>
              <span
                class="MuiTouchRipple-root css-8je8zh-MuiTouchRipple-root"
              />
            </button>
          </div>
          <button
            class="MuiButtonBase-root MuiButton-root MuiButton-contained MuiButton-containedPrimary MuiButton-sizeSmall MuiButton-containedSizeSmall MuiButton-colorPrimary MuiButton-root MuiButton-contained MuiButton-containedPrimary MuiButton-sizeSmall MuiButton-containedSizeSmall MuiButton-colorPrimary css-xmqoqm-MuiButtonBase-root-MuiButton-root"
            tabindex="0"
            type="button"
          >
            Accept
            <span
              class="MuiTouchRipple-root css-8je8zh-MuiTouchRipple-root"
            />
          </button>
        </div>
        <div
          class="MuiCollapse-root MuiCollapse-vertical MuiCollapse-hidden css-bz4dnt-MuiCollapse-root"
          style="min-height: 0px;"
        >
          <div
            class="MuiCollapse-wrapper MuiCollapse-vertical css-smkl36-MuiCollapse-wrapper"
          >
            <div
              class="MuiCollapse-wrapperInner MuiCollapse-vertical css-9l5vo-MuiCollapse-wrapperInner"
            >
              <div
                class="MuiBox-root css-1bhi3d8"
              >
                <h2
                  class="MuiTypography-root MuiTypography-h6 css-iteswf-MuiTypography-root"
                >
                  🍪 Privacy & Cookie Preferences
                </h2>
                <p
                  class="MuiTypography-root MuiTypography-body2 css-dpgk57-MuiTypography-root"
                >
                  We use cookies and similar technologies to enhance your experience, analyze site traffic, and provide personalized content.
                </p>
                <div
                  class="MuiBox-root css-12rv1js"
                >
                  <h6
                    class="MuiTypography-root MuiTypography-subtitle2 css-qa0v9m-MuiTypography-root"
                  >
                    Cookie Categories
                  </h6>
                  <label
                    class="MuiFormControlLabel-root MuiFormControlLabel-labelPlacementEnd css-1fgzyyc-MuiFormControlLabel-root"
                  >
                    <span
                      class="MuiButtonBase-root MuiCheckbox-root MuiCheckbox-colorPrimary MuiCheckbox-sizeSmall PrivateSwitchBase-root MuiCheckbox-root MuiCheckbox-colorPrimary MuiCheckbox-sizeSmall MuiCheckbox-root MuiCheckbox-colorPrimary MuiCheckbox-sizeSmall css-1nje7i5-MuiButtonBase-root-MuiCheckbox-root"
                    >
                      <input
                        class="PrivateSwitchBase-input css-1m9pwf3"
                        data-indeterminate="false"
                        type="checkbox"
                      />
                      <svg
                        aria-hidden="true"
                        class="MuiSvgIcon-root MuiSvgIcon-fontSizeSmall css-ptiqhd-MuiSvgIcon-root"
                        data-testid="CheckBoxOutlineBlankIcon"
                        focusable="false"
                        viewBox="0 0 24 24"
                      >
                        <path
                          d="M19 5v14H5V5h14m0-2H5c-1.1 0-2 .9-2 2v14c0 1.1.9 2 2 2h14c1.1 0 2-.9 2-2V5c0-1.1-.9-2-2-2z"
                        />
                      </svg>
                      <span
                        class="MuiTouchRipple-root css-8je8zh-MuiTouchRipple-root"
                      />
                    </span>
                    <span
                      class="MuiTypography-root MuiTypography-body1 MuiFormControlLabel-label css-1sr4956-MuiTypography-root"
                    >
                      <div
                        class="MuiBox-root css-0"
                      >
                        <p
                          class="MuiTypography-root MuiTypography-body2 css-8dxh3r-MuiTypography-root"
                        >
                          Analytics Cookies
                        </p>
                        <span
                          class="MuiTypography-root MuiTypography-caption css-1vnkz8r-MuiTypography-root"
                        >
                          Help us understand how visitors interact with our website by collecting and reporting information anonymously.
                        </span>
                      </div>
                    </span>
                  </label>
                  <label
                    class="MuiFormControlLabel-root MuiFormControlLabel-labelPlacementEnd css-1fgzyyc-MuiFormControlLabel-root"
                  >
                    <span
                      class="MuiButtonBase-root MuiCheckbox-root MuiCheckbox-colorPrimary MuiCheckbox-sizeSmall PrivateSwitchBase-root MuiCheckbox-root MuiCheckbox-colorPrimary MuiCheckbox-sizeSmall MuiCheckbox-root MuiCheckbox-colorPrimary MuiCheckbox-sizeSmall css-1nje7i5-MuiButtonBase-root-MuiCheckbox-root"
                    >
                      <input
                        class="PrivateSwitchBase-input css-1m9pwf3"
                        data-indeterminate="false"
                        type="checkbox"
                      />
                      <svg
                        aria-hidden="true"
                        class="MuiSvgIcon-root MuiSvgIcon-fontSizeSmall css-ptiqhd-MuiSvgIcon-root"
                        data-testid="CheckBoxOutlineBlankIcon"
                        focusable="false"
                        viewBox="0 0 24 24"
                      >
                        <path
                          d="M19 5v14H5V5h14m0-2H5c-1.1 0-2 .9-2 2v14c0 1.1.9 2 2 2h14c1.1 0 2-.9 2-2V5c0-1.1-.9-2-2-2z"
                        />
                      </svg>
                      <span
                        class="MuiTouchRipple-root css-8je8zh-MuiTouchRipple-root"
                      />
                    </span>
                    <span
                      class="MuiTypography-root MuiTypography-body1 MuiFormControlLabel-label css-1sr4956-MuiTypography-root"
                    >
                      <div
                        class="MuiBox-root css-0"
                      >
                        <p
                          class="MuiTypography-root MuiTypography-body2 css-8dxh3r-MuiTypography-root"
                        >
                          Advertising Cookies
                        </p>
                        <span
                          class="MuiTypography-root MuiTypography-caption css-1vnkz8r-MuiTypography-root"
                        >
                          Used to deliver relevant advertisements and track campaign performance.
                        </span>
                      </div>
                    </span>
                  </label>
                  <label
                    class="MuiFormControlLabel-root MuiFormControlLabel-labelPlacementEnd css-kt2xg2-MuiFormControlLabel-root"
                  >
                    <span
                      class="MuiButtonBase-root MuiCheckbox-root MuiCheckbox-colorPrimary MuiCheckbox-sizeSmall PrivateSwitchBase-root MuiCheckbox-root MuiCheckbox-colorPrimary MuiCheckbox-sizeSmall MuiCheckbox-root MuiCheckbox-colorPrimary MuiCheckbox-sizeSmall css-1nje7i5-MuiButtonBase-root-MuiCheckbox-root"
                    >
                      <input
                        class="PrivateSwitchBase-input css-1m9pwf3"
                        data-indeterminate="false"
                        type="checkbox"
                      />
                      <svg
                        aria-hidden="true"
                        class="MuiSvgIcon-root MuiSvgIcon-fontSizeSmall css-ptiqhd-MuiSvgIcon-root"
                        data-testid="CheckBoxOutlineBlankIcon"
                        focusable="false"
                        viewBox="0 0 24 24"
                      >
                        <path
                          d="M19 5v14H5V5h14m0-2H5c-1.1 0-2 .9-2 2v14c0 1.1.9 2 2 2h14c1.1 0 2-.9 2-2V5c0-1.1-.9-2-2-2z"
                        />
                      </svg>
                      <span
                        class="MuiTouchRipple-root css-8je8zh-MuiTouchRipple-root"
                      />
                    </span>
                    <span
                      class="MuiTypography-root MuiTypography-body1 MuiFormControlLabel-label css-1sr4956-MuiTypography-root"
                    >
                      <div
                        class="MuiBox-root css-0"
                      >
                        <p
                          class="MuiTypography-root MuiTypography-body2 css-8dxh3r-MuiTypography-root"
                        >
                          Marketing Cookies
                        </p>
                        <span
                          class="MuiTypography-root MuiTypography-caption css-1vnkz8r-MuiTypography-root"
                        >
                          Used to track visitors across websites to display relevant advertisements.
                        </span>
                      </div>
                    </span>
                  </label>
                </div>
                <div
                  class="MuiBox-root css-1mcghfl"
                >
                  <button
                    class="MuiButtonBase-root MuiButton-root MuiButton-outlined MuiButton-outlinedPrimary MuiButton-sizeSmall MuiButton-outlinedSizeSmall MuiButton-colorPrimary MuiButton-root MuiButton-outlined MuiButton-outlinedPrimary MuiButton-sizeSmall MuiButton-outlinedSizeSmall MuiButton-colorPrimary css-8c8hn5-MuiButtonBase-root-MuiButton-root"
                    tabindex="0"
                    type="button"
                  >
                    Essential Only
                    <span
                      class="MuiTouchRipple-root css-8je8zh-MuiTouchRipple-root"
                    />
                  </button>
                  <button
                    class="MuiButtonBase-root MuiButton-root MuiButton-contained MuiButton-containedPrimary MuiButton-sizeSmall MuiButton-containedSizeSmall MuiButton-colorPrimary MuiButton-root MuiButton-contained MuiButton-containedPrimary MuiButton-sizeSmall MuiButton-containedSizeSmall MuiButton-colorPrimary css-1g1zqqo-MuiButtonBase-root-MuiButton-root"
                    tabindex="0"
                    type="button"
                  >
                    Customize
                    <span
                      class="MuiTouchRipple-root css-8je8zh-MuiTouchRipple-root"
                    />
                  </button>
                </div>
              </div>
            </div>
          </div>
        </div>
      </div>
    </div>
  </div>
</div>
`;
